package testingrunonlystable

import (
	"testing"

	qt "github.com/frankban/quicktest"
)

// A stable and an unstable subtest share one *qt.C. Under -only-stable-fixes
// the unstable one keeps its c.Run, so the receiver still has a use and its
// declaration must stay — deleting it here would break the file.
func TestMixed(t *testing.T) {
	c := qt.New(t)

	t.Run("stable", func(t *testing.T) { // want "qtlint: use t.Run with a per-subtest qt.New instead of c.Run"
		c := qt.New(t)
		c.Assert(1, qt.Equals, 1)
	})

	c.Run("unstable", func(c *qt.C) { // want "qtlint: use t.Run with a per-subtest qt.New instead of c.Run"
		c.Cleanup(func() {})
		c.Assert(2, qt.Equals, 2)
	})
}

// Every method in the withheld set, one subtest each. All are reported and
// none is rewritten under this flag.
//
// Chdir and Context are here for the same reason as the rest, and they are the
// two that reach a *qt.C through the embedded testing.TB rather than through
// C's own declarations. A stub that does not spell them out is a stub no
// fixture can use to ask about them.
func TestWithheldMethods(t *testing.T) {
	c := qt.New(t)

	c.Run("parallel", func(c *qt.C) { // want "qtlint: use t.Run with a per-subtest qt.New instead of c.Run"
		c.Parallel()
	})
	c.Run("chdir", func(c *qt.C) { // want "qtlint: use t.Run with a per-subtest qt.New instead of c.Run"
		c.Chdir("testdata")
	})
	c.Run("context", func(c *qt.C) { // want "qtlint: use t.Run with a per-subtest qt.New instead of c.Run"
		_ = c.Context()
	})
	c.Run("setenv", func(c *qt.C) { // want "qtlint: use t.Run with a per-subtest qt.New instead of c.Run"
		c.Setenv("K", "V")
	})
	c.Run("tempdir", func(c *qt.C) { // want "qtlint: use t.Run with a per-subtest qt.New instead of c.Run"
		c.Assert(c.TempDir(), qt.Not(qt.Equals), "")
	})
	c.Run("patch", func(c *qt.C) { // want "qtlint: use t.Run with a per-subtest qt.New instead of c.Run"
		c.Patch(nil, nil)
	})
	c.Run("unsetenv", func(c *qt.C) { // want "qtlint: use t.Run with a per-subtest qt.New instead of c.Run"
		c.Unsetenv("K")
	})
	c.Run("mkdir", func(c *qt.C) { // want "qtlint: use t.Run with a per-subtest qt.New instead of c.Run"
		c.Assert(c.Mkdir(), qt.Not(qt.Equals), "")
	})
}

// holder puts a *qt.C somewhere the rule cannot follow it.
type holder struct{ c *qt.C }

// cleanUp reaches a test-scoped method through a parameter.
func cleanUp(c *qt.C) { c.Cleanup(func() {}) }

// The indirect routes to a test-scoped method are withheld too. Naming the
// methods and matching them against the closure's own parameter sees only the
// closures that spell them out; an alias, a helper and a struct field all
// reach the same methods without ever writing them next to c.
func TestIndirectReach(t *testing.T) {
	c := qt.New(t)

	c.Run("alias", func(c *qt.C) { // want "qtlint: use t.Run with a per-subtest qt.New instead of c.Run"
		cc := c
		cc.Cleanup(func() {})
	})
	c.Run("helper", func(c *qt.C) { // want "qtlint: use t.Run with a per-subtest qt.New instead of c.Run"
		cleanUp(c)
	})
	c.Run("field", func(c *qt.C) { // want "qtlint: use t.Run with a per-subtest qt.New instead of c.Run"
		h := holder{c: c}
		h.c.Setenv("K", "V")
	})
	c.Run("method value", func(c *qt.C) { // want "qtlint: use t.Run with a per-subtest qt.New instead of c.Run"
		f := c.Cleanup
		f(func() {})
	})
}

// An unstable outer withholds its fix, and the nested subtest withholds with
// it: rewriting the inner alone would name a t the outer has not introduced.
func TestNestedUnstableOuter(t *testing.T) {
	c := qt.New(t)
	c.Run("outer", func(c *qt.C) { // want "qtlint: use t.Run with a per-subtest qt.New instead of c.Run"
		c.Setenv("K", "V")
		c.Run("inner", func(c *qt.C) { // want "qtlint: use t.Run with a per-subtest qt.New instead of c.Run"
			c.Assert(1, qt.Equals, 1)
		})
	})
}


// escapeHelper takes the checker, so a closure that calls it hands its *qt.C
// somewhere this rule cannot follow.
func escapeHelper(c *qt.C) string { return c.TempDir() }

// A withheld site says what withheld it. The clause names the construct the
// *qt.C escaped into, because that is the one question the tool can answer and
// the reader cannot: which of a closure's indirections was the opaque one, and
// therefore whose signature to change.
func TestWithholdingNamesItsCause(t *testing.T) {
	c := qt.New(t)

	c.Run("escape", func(c *qt.C) { // want "qtlint: use t.Run with a per-subtest qt.New instead of c.Run; no fix: the \\*qt.C is handed to escapeHelper\\(\\.\\.\\.\\), so what it can reach includes \\(\\*qt.C\\).Defer, which panics unless Done\\(\\) ran — give that function a \\*testing.T instead and this converts"
		c.Assert(escapeHelper(c), qt.Not(qt.Equals), "")
	})

	c.Run("deferred", func(c *qt.C) { // want "qtlint: use t.Run with a per-subtest qt.New instead of c.Run; no fix: the closure calls c.Defer, and a bare qt.New\\(t\\) supplies no Done\\(\\) the way C.Run does"
		c.Defer(func() {})
		c.Done()
	})
}

// The -only-stable-fixes branch of the explanation. A test-scoped method is
// not a correctness hazard the way Defer is, so the clause names the flag that
// withheld the fix rather than a panic that would not happen.
func TestOnlyStableFixesNamesTheFlag(t *testing.T) {
	c := qt.New(t)

	c.Run("cleanup", func(c *qt.C) { // want "qtlint: use t.Run with a per-subtest qt.New instead of c.Run; no fix under -only-stable-fixes: the closure calls c.Cleanup, which binds to whichever test the \\*qt.C came from"
		c.Cleanup(func() {})
		c.Assert(1, qt.Equals, 1)
	})
}
