package haslenfix

import (
	"testing"

	qt "github.com/frankban/quicktest"
)

func TestLenEqualsFix(t *testing.T) {
	c := qt.New(t)
	x := []int{1, 2, 3}
	
	qt.Assert(t, x, qt.HasLen, 3) // want "qtlint: use qt.HasLen instead of len\\(x\\), qt.Equals"
	c.Assert(x, qt.HasLen, 3)     // want "qtlint: use qt.HasLen instead of len\\(x\\), qt.Equals"
	
	mySlice := []string{"a", "b"}
	qt.Check(t, mySlice, qt.HasLen, 2) // want "qtlint: use qt.HasLen instead of len\\(x\\), qt.Equals"
	c.Check(mySlice, qt.HasLen, 2)     // want "qtlint: use qt.HasLen instead of len\\(x\\), qt.Equals"
}

