package testingrunfix

import (
	"testing"

	qt "github.com/frankban/quicktest"
)

// The plain shape. c.Run was the receiver's only use, so its declaration goes
// with the rewrite; leaving it behind would not compile.
func TestPlain(t *testing.T) {
	t.Run("sub", func(t *testing.T) { // want "qtlint: use t.Run with a per-subtest qt.New instead of c.Run"
		c := qt.New(t)
		c.Assert(1, qt.Equals, 1)
	})
}

// The receiver survives when the test still uses it for something else.
func TestReceiverSurvives(t *testing.T) {
	c := qt.New(t)
	c.Assert(0, qt.Equals, 0)

	t.Run("sub", func(t *testing.T) { // want "qtlint: use t.Run with a per-subtest qt.New instead of c.Run"
		c := qt.New(t)
		c.Assert(1, qt.Equals, 1)
	})
}

// Two subtests on one receiver: the declaration goes only once, and the
// rewrite of each is independent of the other.
func TestTwoSubtests(t *testing.T) {
	t.Run("first", func(t *testing.T) { // want "qtlint: use t.Run with a per-subtest qt.New instead of c.Run"
		c := qt.New(t)
		c.Assert(1, qt.Equals, 1)
	})
	t.Run("second", func(t *testing.T) { // want "qtlint: use t.Run with a per-subtest qt.New instead of c.Run"
		c := qt.New(t)
		c.Assert(2, qt.Equals, 2)
	})
}

// The receiver and the closure parameter are matched on their type, not on
// the identifier c.
func TestOtherName(t *testing.T) {
	t.Run("sub", func(t *testing.T) { // want "qtlint: use t.Run with a per-subtest qt.New instead of c.Run"
		inner := qt.New(t)
		inner.Assert(1, qt.Equals, 1)
	})
}

// Nested subtests. The inner rewrite names the parameter the outer rewrite
// introduces, and the outer closure gets no qt.New because its only use of
// the *qt.C was the receiver the inner rewrite consumes.
func TestNested(t *testing.T) {
	t.Run("outer", func(t *testing.T) { // want "qtlint: use t.Run with a per-subtest qt.New instead of c.Run"
		t.Run("inner", func(t *testing.T) { // want "qtlint: use t.Run with a per-subtest qt.New instead of c.Run"
			c := qt.New(t)
			c.Assert(1, qt.Equals, 1)
		})
	})
}

// Nested subtests where the outer closure asserts as well: it keeps its own
// qt.New, because that use survives the inner rewrite.
func TestNestedOuterAsserts(t *testing.T) {
	t.Run("outer", func(t *testing.T) { // want "qtlint: use t.Run with a per-subtest qt.New instead of c.Run"
		c := qt.New(t)
		c.Assert(0, qt.Equals, 0)
		t.Run("inner", func(t *testing.T) { // want "qtlint: use t.Run with a per-subtest qt.New instead of c.Run"
			c := qt.New(t)
			c.Assert(1, qt.Equals, 1)
		})
	})
}

// Nested subtests where the outer closure names the enclosing t, so the outer
// rewrite has to take a different parameter name. The inner call must use
// that name: using the enclosing t instead would still compile and would
// attach the inner subtest to the parent test rather than to "outer".
func TestNestedRenamedOuter(t *testing.T) {
	t.Run("outer", func(t2 *testing.T) { // want "qtlint: use t.Run with a per-subtest qt.New instead of c.Run"
		t.Log("parent")
		t2.Run("inner", func(t *testing.T) { // want "qtlint: use t.Run with a per-subtest qt.New instead of c.Run"
			c := qt.New(t)
			c.Assert(1, qt.Equals, 1)
		})
	})
}

// The closure already refers to the enclosing test's t, so the new parameter
// takes a different name and that reference keeps meaning the parent.
func TestOuterTReferenced(t *testing.T) {
	t.Run("sub", func(t2 *testing.T) { // want "qtlint: use t.Run with a per-subtest qt.New instead of c.Run"
		c := qt.New(t2)
		t.Log("parent")
		c.Assert(1, qt.Equals, 1)
	})
}

// A blank parameter stays blank: nothing in the rewritten body could name it.
func TestBlankParam(t *testing.T) {
	t.Run("sub", func(_ *testing.T) { // want "qtlint: use t.Run with a per-subtest qt.New instead of c.Run"
		t.Log("sub")
	})
}

// A closure calling a test-scoped *qt.C method is fixed by default. Only
// -only-stable-fixes withholds it; see the testingrunonlystable package.
func TestTestScopedMethod(t *testing.T) {
	t.Run("sub", func(t *testing.T) { // want "qtlint: use t.Run with a per-subtest qt.New instead of c.Run"
		c := qt.New(t)
		c.Cleanup(func() {})
		c.Assert(1, qt.Equals, 1)
	})
}

// A closure calling Defer is withheld with no flag set. C.Run calls Done on
// the *qt.C it hands the closure and a bare qt.New(t) does not, so this
// rewrite would replace a passing test with one that panics with "Done not
// called after Defer". The receiver's declaration stays, because the c.Run
// that was left alone still uses it.
func TestDeferWithheldByDefault(t *testing.T) {
	c := qt.New(t)
	c.Run("sub", func(c *qt.C) { // want "qtlint: use t.Run with a per-subtest qt.New instead of c.Run"
		c.Defer(func() {})
		c.Assert(1, qt.Equals, 1)
	})
}

// Done is the other half of the same API and is withheld the same way.
func TestDoneWithheldByDefault(t *testing.T) {
	c := qt.New(t)
	c.Run("sub", func(c *qt.C) { // want "qtlint: use t.Run with a per-subtest qt.New instead of c.Run"
		c.Done()
	})
}

// deferSomething reaches Defer through a parameter.
func deferSomething(c *qt.C) { c.Defer(func() {}) }

// Defer reached indirectly is withheld by default as well, which is the whole
// point of asking what can be called on the *qt.C rather than what is written
// next to it. The alias is followed; the helper call is not, and a use that
// cannot be followed is treated as reaching anything.
func TestIndirectDeferWithheldByDefault(t *testing.T) {
	c := qt.New(t)
	c.Run("alias", func(c *qt.C) { // want "qtlint: use t.Run with a per-subtest qt.New instead of c.Run"
		cc := c
		cc.Defer(func() {})
	})
	c.Run("helper", func(c *qt.C) { // want "qtlint: use t.Run with a per-subtest qt.New instead of c.Run"
		deferSomething(c)
	})
}

// A one-line closure body: the opening brace, the statement and the closing
// brace share a line, so the rewrite must open a line for the statement it
// inserts instead of running the two together.
func TestSingleLineBody(t *testing.T) {
	t.Run("sub", func(t *testing.T) {
		c := qt.New(t)
		c.Assert(1, qt.Equals, 1)
	}) // want "qtlint: use t.Run with a per-subtest qt.New instead of c.Run"
}

// An ordinary half-migrated file. The third subtest's receiver is the same
// *qt.C the first one consumes, but the t it was made from is shadowed by the
// closure the third sits in, so the rule cannot name a *testing.T for it and
// declines it. The declaration has to stay for the site that was declined.
func TestDeclinedSiblingKeepsDecl(t *testing.T) {
	c := qt.New(t)
	t.Run("first", func(t *testing.T) { // want "qtlint: use t.Run with a per-subtest qt.New instead of c.Run"
		c := qt.New(t)
		c.Assert(1, qt.Equals, 1)
	})
	t.Run("second", func(t *testing.T) {
		c.Run("third", func(c *qt.C) {
			c.Assert(2, qt.Equals, 2)
		})
	})
}

// The same shape with a helper closure that takes its own *testing.T.
func TestDeclinedInHelperClosureKeepsDecl(t *testing.T) {
	c := qt.New(t)
	t.Run("first", func(t *testing.T) { // want "qtlint: use t.Run with a per-subtest qt.New instead of c.Run"
		c := qt.New(t)
		c.Assert(1, qt.Equals, 1)
	})
	run := func(t *testing.T) {
		c.Run("second", func(c *qt.C) {
			c.Assert(2, qt.Equals, 2)
		})
	}
	run(t)
}

// The declaration carries a trailing comment, so removing its line would take
// the comment with it: the rule declines the site rather than offer a fix
// that loses it. The nested subtest is declined with it, because rewriting
// the inner call alone attaches "inner" to the parent test rather than to
// "outer" — silently, since both spellings compile.
func TestUnremovableDeclDeclinesNest(t *testing.T) {
	c := qt.New(t) // the checker for this test
	c.Run("outer", func(c *qt.C) {
		c.Run("inner", func(c *qt.C) {
			c.Assert(1, qt.Equals, 1)
		})
	})
}
